[pubitygroup.com/index.html]
[backblue.gif]
[fade.gif]
[index.html]
[pubitygroup.com/feed/index.html]
[pubitygroup.com/comments/feed/index.html]
[pubitygroup.com/wp-content/plugins/bdthemes-element-pack/assets/css/bdt-uikit5829.css]
[pubitygroup.com/wp-content/plugins/bdthemes-element-pack/assets/css/ep-helper7bd9.css]
[pubitygroup.com/wp-includes/css/dist/block-library/style.min9b30.css]
[pubitygroup.com/wp-content/plugins/clients-tabs/assets/css/foundation.min9b30.css]
[pubitygroup.com/wp-content/plugins/clients-tabs/assets/css/style9b30.css]
[pubitygroup.com/wp-content/plugins/qi-addons-for-elementor-premium/assets/css/helper-parts.min9b30.css]
[pubitygroup.com/wp-content/plugins/qi-addons-for-elementor/assets/css/main.min9b30.css]
[pubitygroup.com/wp-content/plugins/qi-addons-for-elementor-premium/assets/css/main.min9b30.css]
[pubitygroup.com/wp-content/plugins/qi-addons-for-elementor/assets/css/grid.min9b30.css]
[pubitygroup.com/wp-content/plugins/qi-addons-for-elementor/assets/css/helper-parts.min9b30.css]
[pubitygroup.com/wp-content/themes/hello-elementor/style.min1102.css]
[pubitygroup.com/wp-content/themes/hello-elementor/theme.min1102.css]
[pubitygroup.com/wp-content/plugins/elementor/assets/css/frontend-lite.mina1c3.css]
[pubitygroup.com/wp-content/uploads/elementor/css/post-5dcd4.css]
[pubitygroup.com/wp-content/plugins/elementor/assets/lib/eicons/css/elementor-icons.minfc13.css]
[pubitygroup.com/wp-content/plugins/elementor/assets/lib/swiper/css/swiper.min48f5.css]
[pubitygroup.com/wp-content/plugins/elementor-pro/assets/css/frontend-lite.min0fca.css]
[pubitygroup.com/wp-content/plugins/jet-tricks/assets/css/jet-tricks-frontendc2d0.css]
[pubitygroup.com/wp-content/uploads/elementor/css/globalac42.css]
[pubitygroup.com/wp-content/uploads/elementor/css/post-4071175c.css]
[pubitygroup.com/wp-content/uploads/elementor/css/post-1711519.css]
[pubitygroup.com/wp-content/uploads/elementor/css/post-3771519.css]
[pubitygroup.com/wp-content/plugins/elementor/assets/lib/font-awesome/css/fontawesome.min52d5.css]
[pubitygroup.com/wp-content/plugins/elementor/assets/lib/font-awesome/css/solid.min52d5.css]
[pubitygroup.com/wp-content/plugins/elementor/assets/lib/font-awesome/css/brands.min52d5.css]
[pubitygroup.com/wp-includes/js/jquery/jquery.min3088.js]
[pubitygroup.com/wp-includes/js/jquery/jquery-migrate.min5589.js]
[pubitygroup.com/wp-content/plugins/clients-tabs/assets/js/foundation.min9b30.js]
[pubitygroup.com/wp-content/plugins/elementor-pro/assets/js/page-transitions.min0fca.js]
[pubitygroup.com/wp-json/wp/v2/pages/4071.1d.delayed]
[pubitygroup.com/wp-json/index.html]
[pubitygroup.com/xmlrpc.1e0db0.delayed]
[pubitygroup.com/wp-json/oembed/1.0/embed.1f98a2.delayed]
[pubitygroup.com/wp-json/oembed/1.0/embed.205dc9.delayed]
[pubitygroup.com/wp-content/uploads/2023/08/cropped-Pubity-Logo-Sq-32x32.jpg]
[pubitygroup.com/wp-content/uploads/2023/08/cropped-Pubity-Logo-Sq-192x192.jpg]
[pubitygroup.com/wp-content/uploads/2023/08/cropped-Pubity-Logo-Sq-180x180.jpg]
[pubitygroup.com/wp-content/uploads/2022/07/Pubity-single-logo.png]
[pubitygroup.com/wp-content/plugins/elementor-pro/assets/css/widget-nav-menu.min.css]
[pubitygroup.com/wp-content/uploads/2022/11/dadsasysjokes-1opt1.mp4]
[pubitygroup.com/about-us/index.html]
[pubitygroup.com/contact-us/index.html]
[pubitygroup.com/wp-content/uploads/2022/11/dadsasysjokes-2.mp4]
[pubitygroup.com/work/index.html]
[pubitygroup.com/wp-content/uploads/2022/11/dadsasysjokes-3.mp4]
[pubitygroup.com/wp-content/uploads/2022/11/bottlejobpod-1opt.mp4]
[pubitygroup.com/wp-content/uploads/2022/11/bottlejobpod-2opt.mp4]
[pubitygroup.com/wp-content/uploads/2022/11/bottlejobpod-3opt.mp4]
[pubitygroup.com/wp-content/uploads/2022/11/nobrainer-video-1opt.mp4]
[pubitygroup.com/wp-content/uploads/2022/11/nobrainer-video-2opt.mp4]
[pubitygroup.com/wp-content/uploads/2022/11/nobrainer-video-3opt.mp4]
[pubitygroup.com/wp-content/uploads/2022/11/GirlTea-Pleasure-1.mp4]
[pubitygroup.com/wp-content/uploads/2022/11/GirlTea-Pleasure-2.mp4]
[pubitygroup.com/wp-content/uploads/2022/11/GirlTea-Pleasure-3.mp4]
[pubitygroup.com/wp-content/uploads/2022/11/linkupapp-1opt.mp4]
[pubitygroup.com/wp-content/uploads/2022/11/linkupapp-2opt.mp4]
[pubitygroup.com/wp-content/uploads/2022/11/linkupapp-3opt.mp4]
[pubitygroup.com/wp-content/uploads/2022/10/pubity-logo.png]
[pubitygroup.com/wp-content/uploads/2022/09/DadJokes.png]
[pubitygroup.com/wp-content/uploads/2022/10/football-newz.png]
[pubitygroup.com/wp-content/uploads/2022/10/pubity-sport-1.png]
[pubitygroup.com/wp-content/uploads/2022/09/Pets.png]
[pubitygroup.com/wp-content/uploads/2022/09/PubityEarth.png]
[pubitygroup.com/wp-content/uploads/2022/09/MemeZar.png]
[pubitygroup.com/wp-content/uploads/2022/09/GirlyZar.png]
[pubitygroup.com/wp-content/uploads/2022/09/JokeZar.png]
[pubitygroup.com/wp-content/uploads/2022/09/GamingZar.png]
[pubitygroup.com/wp-content/uploads/2022/09/BritishMemes.png]
[pubitygroup.com/wp-content/uploads/2022/09/MemeLord.png]
[pubitygroup.com/wp-content/uploads/2022/09/HelloIMG1664128730674.png]
[pubitygroup.com/wp-content/uploads/2022/09/HelloIMG1664128731176.png]
[pubitygroup.com/wp-content/uploads/2022/10/no-brainer-tv.png]
[pubitygroup.com/wp-content/uploads/2022/11/AcknowledgeAI.png]
[pubitygroup.com/wp-content/uploads/2022/12/PubityGroup-0408-1-e1657022105772.45.delayed]
[pubitygroup.com/wp-content/uploads/2022/10/image-26.46.delayed]
[pubitygroup.com/wp-content/uploads/2022/10/image-24.47.delayed]
[pubitygroup.com/wp-content/uploads/2022/10/image-25.48.delayed]
[pubitygroup.com/wp-content/uploads/2022/12/100-billion-impressions-and-counting.49.delayed]
[pubitygroup.com/wp-content/uploads/2022/11/meta2-300x204.png]
[pubitygroup.com/wp-content/uploads/2022/11/tiktok-logo2-300x204.png]
[pubitygroup.com/wp-content/uploads/2022/11/fifa-plus1-300x204.png]
[pubitygroup.com/wp-content/uploads/2022/11/pepsi-1-300x204.png]
[pubitygroup.com/wp-content/uploads/2022/11/gymshark2-300x204.png]
[pubitygroup.com/wp-content/uploads/2022/11/cashapp2-300x204.png]
[pubitygroup.com/wp-content/plugins/elementor/assets/css/widget-icon-list.min.css]
[pubitygroup.com/wp-content/uploads/elementor/css/post-541875a5.css]
[pubitygroup.com/wp-content/plugins/bdthemes-element-pack/assets/css/ep-font7bd9.css]
[pubitygroup.com/wp-content/plugins/bdthemes-element-pack/assets/css/ep-device-slider7bd9.css]
[pubitygroup.com/wp-content/plugins/elementor/assets/lib/font-awesome/css/regular.min52d5.css]
[pubitygroup.com/wp-content/uploads/elementor/css/post-56159fd8.css]
[pubitygroup.com/wp-content/uploads/elementor/css/post-5541fd1d.css]
[pubitygroup.com/wp-content/uploads/elementor/css/post-6972fd1d.css]
[pubitygroup.com/wp-content/uploads/elementor/css/post-70226aa5.css]
[pubitygroup.com/wp-content/uploads/elementor/css/post-58636aa5.css]
[pubitygroup.com/wp-content/uploads/elementor/css/post-89656aa5.css]
[pubitygroup.com/wp-content/uploads/elementor/css/post-9004cdf8.css]
[pubitygroup.com/wp-content/uploads/elementor/css/post-9014cdf8.css]
[pubitygroup.com/wp-content/uploads/elementor/css/post-10397cdf8.css]
[pubitygroup.com/wp-content/uploads/elementor/css/post-97877081.css]
[pubitygroup.com/wp-content/plugins/elementor/assets/lib/animations/animations.mina1c3.css]
[pubitygroup.com/wp-content/plugins/qi-addons-for-elementor/assets/js/main.min9b30.js]
[pubitygroup.com/wp-content/plugins/qi-addons-for-elementor-premium/assets/js/main.min9b30.js]
[pubitygroup.com/wp-includes/js/jquery/ui/core.min3f14.js]
[pubitygroup.com/wp-content/themes/hello-elementor/assets/js/hello-frontend.min8a54.js]
[pubitygroup.com/wp-content/plugins/elementor-pro/assets/lib/instant-page/instant-page.min0fca.js]
[pubitygroup.com/wp-content/plugins/elementor-pro/assets/lib/smartmenus/jquery.smartmenus.minf269.js]
[pubitygroup.com/wp-content/plugins/elementor/assets/lib/jquery-numerator/jquery-numerator.min3958.js]
[pubitygroup.com/wp-includes/js/imagesloaded.mineda1.js]
[pubitygroup.com/wp-content/plugins/qi-addons-for-elementor/assets/plugins/swiper/swiper.min9b30.js]
[pubitygroup.com/wp-content/plugins/qi-addons-for-elementor/inc/masonry/assets/js/plugins/isotope.pkgd.min9b30.js]
[pubitygroup.com/wp-content/plugins/qi-addons-for-elementor/inc/masonry/assets/js/plugins/packery-mode.pkgd.min9b30.js]
[pubitygroup.com/wp-content/plugins/elementor/assets/js/webpack.runtime.mina1c3.js]
[pubitygroup.com/wp-content/plugins/elementor/assets/js/frontend-modules.mina1c3.js]
[pubitygroup.com/wp-content/plugins/elementor/assets/lib/waypoints/waypoints.min05da.js]
[pubitygroup.com/wp-content/plugins/elementor/assets/js/frontend.mina1c3.js]
[pubitygroup.com/wp-content/plugins/qi-addons-for-elementor-premium/inc/plugins/elementor/assets/js/elementor9b30.js]
[pubitygroup.com/wp-includes/js/dist/vendor/wp-polyfill-inert.min0226.js]
[pubitygroup.com/wp-includes/js/dist/vendor/regenerator-runtime.min8fa4.js]
[pubitygroup.com/wp-includes/js/dist/vendor/wp-polyfill.min2c7c.js]
[pubitygroup.com/wp-includes/js/dist/hooks.min2ebd.js]
[pubitygroup.com/wp-includes/js/dist/i18n.minf92f.js]
[pubitygroup.com/wp-content/plugins/qi-addons-for-elementor/inc/plugins/elementor/assets/js/elementor9b30.js]
[pubitygroup.com/wp-content/plugins/bdthemes-element-pack/assets/js/bdt-uikit.min5829.js]
[pubitygroup.com/wp-content/plugins/bdthemes-element-pack/assets/js/common/helper.min7bd9.js]
[pubitygroup.com/wp-content/plugins/elementor-pro/assets/js/webpack-pro.runtime.min0fca.js]
[pubitygroup.com/wp-content/plugins/elementor-pro/assets/js/frontend.min0fca.js]
[pubitygroup.com/wp-content/plugins/elementor-pro/assets/js/elements-handlers.min0fca.js]
[pubitygroup.com/index.html]
[pubitygroup.com/wp-content/plugins/bdthemes-element-pack/assets/css/bdt-uikit5829.css]
[pubitygroup.com/wp-content/plugins/jet-tricks/assets/js/jet-tricks-frontendc2d0.js]
[pubitygroup.com/wp-content/plugins/bdthemes-element-pack/assets/images/loading.7c.delayed]
[pubitygroup.com/wp-content/plugins/bdthemes-element-pack/assets/css/ep-helper7bd9.css]
[pubitygroup.com/wp-includes/css/dist/block-library/style.min9b30.css]
[pubitygroup.com/wp-content/plugins/clients-tabs/assets/css/foundation.min9b30.css]
[pubitygroup.com/wp-content/plugins/clients-tabs/assets/css/style9b30.css]
[pubitygroup.com/wp-content/plugins/qi-addons-for-elementor-premium/assets/css/helper-parts.min9b30.css]
[pubitygroup.com/wp-content/plugins/qi-addons-for-elementor/assets/css/main.min9b30.css]
[pubitygroup.com/wp-content/plugins/qi-addons-for-elementor-premium/assets/css/main.min9b30.css]
[pubitygroup.com/wp-content/plugins/qi-addons-for-elementor/assets/css/grid.min9b30.css]
[pubitygroup.com/wp-content/plugins/qi-addons-for-elementor/assets/css/helper-parts.min9b30.css]
[pubitygroup.com/wp-content/themes/hello-elementor/style.min1102.css]
[pubitygroup.com/wp-content/themes/hello-elementor/theme.min1102.css]
[pubitygroup.com/wp-content/plugins/elementor/assets/css/frontend-lite.mina1c3.css]
[pubitygroup.com/wp-content/uploads/elementor/css/post-5dcd4.css]
[pubitygroup.com/wp-content/plugins/elementor/assets/lib/eicons/fonts/eicons.7db732.delayed]
[pubitygroup.com/wp-content/plugins/elementor/assets/lib/eicons/fonts/eiconsb732.woff2]
[pubitygroup.com/wp-content/plugins/elementor/assets/lib/eicons/fonts/eicons.7fb732.delayed]
[pubitygroup.com/wp-content/plugins/elementor/assets/lib/eicons/fonts/eicons.80b732.delayed]
[pubitygroup.com/wp-content/plugins/elementor/assets/lib/eicons/fonts/eicons.81b732.delayed]
[pubitygroup.com/wp-content/plugins/elementor/assets/lib/eicons/css/elementor-icons.minfc13.css]
[pubitygroup.com/wp-content/plugins/elementor/assets/lib/swiper/css/swiper.min48f5.css]
[pubitygroup.com/wp-content/plugins/elementor-pro/assets/css/frontend-lite.min0fca.css]
[pubitygroup.com/wp-content/plugins/jet-tricks/assets/css/jet-tricks-frontendc2d0.css]
[pubitygroup.com/wp-content/uploads/elementor/css/globalac42.css]
[pubitygroup.com/wp-content/uploads/2022/09/yellow-blur-1-1.png]
[pubitygroup.com/wp-content/uploads/2022/11/IntegralCF-Regular.woff2]
[pubitygroup.com/wp-content/uploads/2022/11/IntegralCF-Medium.84.delayed]
[pubitygroup.com/wp-content/uploads/2022/11/IntegralCF-DemiBold.woff2]
[pubitygroup.com/wp-content/uploads/2022/11/IntegralCF-Bold.woff2]
[pubitygroup.com/wp-content/uploads/2022/11/IntegralCF-ExtraBold.87.delayed]
[pubitygroup.com/wp-content/uploads/2022/11/IntegralCF-Heavy.88.delayed]
[pubitygroup.com/wp-content/uploads/elementor/css/post-4071175c.css]
[pubitygroup.com/wp-content/uploads/elementor/css/post-1711519.css]
[pubitygroup.com/wp-content/uploads/elementor/css/post-3771519.css]
[pubitygroup.com/wp-content/plugins/elementor/assets/lib/font-awesome/css/fontawesome.min52d5.css]
[pubitygroup.com/wp-content/plugins/elementor/assets/lib/font-awesome/webfonts/fa-solid-900.89.delayed]
[pubitygroup.com/wp-content/plugins/elementor/assets/lib/font-awesome/webfonts/fa-solid-900.8ad41d.delayed]
[pubitygroup.com/wp-content/plugins/elementor/assets/lib/font-awesome/webfonts/fa-solid-900.woff2]
[pubitygroup.com/wp-content/plugins/elementor/assets/lib/font-awesome/webfonts/fa-solid-900.8c.delayed]
[pubitygroup.com/wp-content/plugins/elementor/assets/lib/font-awesome/webfonts/fa-solid-900.8d.delayed]
[pubitygroup.com/wp-content/plugins/elementor/assets/lib/font-awesome/webfonts/fa-solid-900.8e.delayed]
[pubitygroup.com/wp-content/plugins/elementor/assets/lib/font-awesome/css/solid.min52d5.css]
[pubitygroup.com/wp-content/plugins/elementor/assets/lib/font-awesome/webfonts/fa-brands-400.8f.delayed]
[pubitygroup.com/wp-content/plugins/elementor/assets/lib/font-awesome/webfonts/fa-brands-400.90d41d.delayed]
[pubitygroup.com/wp-content/plugins/elementor/assets/lib/font-awesome/webfonts/fa-brands-400.woff2]
[pubitygroup.com/wp-content/plugins/elementor/assets/lib/font-awesome/webfonts/fa-brands-400.92.delayed]
[pubitygroup.com/wp-content/plugins/elementor/assets/lib/font-awesome/webfonts/fa-brands-400.93.delayed]
[pubitygroup.com/wp-content/plugins/elementor/assets/lib/font-awesome/webfonts/fa-brands-400.94.delayed]
[pubitygroup.com/wp-content/plugins/elementor/assets/lib/font-awesome/css/brands.min52d5.css]
[pubitygroup.com/wp-json/index.html]
[pubitygroup.com/wp-json/wp/v2/pages/4071.html]
[pubitygroup.com/xmlrpc0db0.html]
[pubitygroup.com/wp-json/oembed/1.0/embed98a2.html]
[pubitygroup.com/wp-json/oembed/1.0/embed5dc9.html]
[pubitygroup.com/wp-content/plugins/elementor-pro/assets/css/widget-nav-menu.min.css]
[pubitygroup.com/wp-content/uploads/elementor/css/post-1461b02d.css]
[pubitygroup.com/wp-json/wp/v2/pages/1461.97.delayed]
[pubitygroup.com/wp-json/oembed/1.0/embed.98f83f.delayed]
[pubitygroup.com/index2bd5.html]
[pubitygroup.com/wp-json/oembed/1.0/embed.9947e9.delayed]
[pubitygroup.com/about-us/index.html]
[pubitygroup.com/work/index.html]
[pubitygroup.com/wp-content/uploads/2023/08/London-819x1024.9a.delayed]
[pubitygroup.com/wp-content/uploads/elementor/css/post-2458.9b6255.delayed]
[pubitygroup.com/wp-json/wp/v2/pages/2458.9c.delayed]
[pubitygroup.com/wp-json/oembed/1.0/embed.9dd0ae.delayed]
[pubitygroup.com/indexa683.html]
[pubitygroup.com/wp-json/oembed/1.0/embed.9e8c04.delayed]
[www.google.com/recaptcha/api6459.js]
[pubitygroup.com/contact-us/index.html]
[pubitygroup.com/wp-content/uploads/2022/12/PubityGroup-0408-1-e1657022105772.html]
[pubitygroup.com/wp-content/uploads/2022/10/image-26.html]
[pubitygroup.com/wp-content/uploads/2022/10/image-24.html]
[pubitygroup.com/wp-content/uploads/2022/10/image-25.html]
[pubitygroup.com/wp-content/uploads/2022/12/100-billion-impressions-and-counting.html]
[pubitygroup.com/wp-content/plugins/elementor/assets/css/widget-icon-list.min.css]
[pubitygroup.com/about/index.html]
[pubitygroup.com/wp-content/uploads/2022/11/dadsaysjokes_thumb_img.a0.delayed]
[pubitygroup.com/wp-content/uploads/elementor/css/post-541875a5.css]
[pubitygroup.com/wp-content/plugins/bdthemes-element-pack/assets/fonts/element-pack.a13765.delayed]
[pubitygroup.com/wp-content/plugins/bdthemes-element-pack/assets/fonts/element-pack.a23765.delayed]
[pubitygroup.com/wp-content/plugins/bdthemes-element-pack/assets/fonts/element-pack.a33765.delayed]
[pubitygroup.com/wp-content/plugins/bdthemes-element-pack/assets/fonts/element-pack.a43765.delayed]
[pubitygroup.com/wp-content/plugins/bdthemes-element-pack/assets/css/ep-font7bd9.css]
[pubitygroup.com/wp-content/plugins/bdthemes-element-pack/assets/css/ep-device-slider7bd9.css]
[pubitygroup.com/wp-content/plugins/elementor/assets/lib/font-awesome/webfonts/fa-regular-400.a5.delayed]
[pubitygroup.com/wp-content/plugins/elementor/assets/lib/font-awesome/webfonts/fa-regular-400.a6d41d.delayed]
[pubitygroup.com/wp-content/plugins/elementor/assets/lib/font-awesome/webfonts/fa-regular-400.a7.delayed]
[pubitygroup.com/wp-content/plugins/elementor/assets/lib/font-awesome/webfonts/fa-regular-400.a8.delayed]
[pubitygroup.com/wp-content/plugins/elementor/assets/lib/font-awesome/webfonts/fa-regular-400.a9.delayed]
[pubitygroup.com/wp-content/plugins/elementor/assets/lib/font-awesome/webfonts/fa-regular-400.aa.delayed]
[pubitygroup.com/wp-content/plugins/elementor/assets/lib/font-awesome/css/regular.min52d5.css]
[pubitygroup.com/wp-content/uploads/2022/11/bottlejob-bg1.ab.delayed]
[pubitygroup.com/wp-content/uploads/elementor/css/post-56159fd8.css]
[pubitygroup.com/wp-content/uploads/2022/11/image-1.ac.delayed]
[pubitygroup.com/wp-content/uploads/2022/11/image-281.ad.delayed]
[pubitygroup.com/wp-content/uploads/elementor/css/post-5541fd1d.css]
[pubitygroup.com/wp-content/uploads/2022/11/thumbnail.ae.delayed]
[pubitygroup.com/wp-content/uploads/elementor/css/post-6972fd1d.css]
[pubitygroup.com/wp-content/uploads/2022/11/6294c84b80105a898bfc963c_ambassadors-1.af.delayed]
[pubitygroup.com/wp-content/uploads/elementor/css/post-70226aa5.css]
[pubitygroup.com/wp-content/uploads/elementor/css/post-58636aa5.css]
[pubitygroup.com/wp-content/uploads/elementor/css/post-89656aa5.css]
[pubitygroup.com/wp-content/uploads/elementor/css/post-9004cdf8.css]
[pubitygroup.com/wp-content/uploads/elementor/css/post-9014cdf8.css]
[pubitygroup.com/wp-content/uploads/elementor/css/post-10397cdf8.css]
[pubitygroup.com/wp-content/uploads/elementor/css/post-97877081.css]
[pubitygroup.com/wp-content/plugins/elementor/assets/lib/animations/animations.mina1c3.css]
[pubitygroup.com/wp-content/plugins/bdthemes-element-pack/assets/images/loading.html]
[pubitygroup.com/wp-content/plugins/elementor/assets/lib/eicons/fonts/eiconsb732.html]
[pubitygroup.com/wp-content/plugins/elementor/assets/lib/eicons/fonts/eiconsb732-2.html]
[pubitygroup.com/wp-content/plugins/elementor/assets/lib/eicons/fonts/eiconsb732-3.html]
[pubitygroup.com/wp-content/plugins/elementor/assets/lib/eicons/fonts/eiconsb732-4.html]
[pubitygroup.com/wp-content/uploads/2022/11/IntegralCF-Medium.html]
[pubitygroup.com/wp-content/uploads/2022/11/IntegralCF-ExtraBold.html]
[pubitygroup.com/wp-content/uploads/2022/11/IntegralCF-Heavy.html]
[pubitygroup.com/wp-content/plugins/elementor/assets/lib/font-awesome/webfonts/fa-solid-900.html]
[pubitygroup.com/wp-content/plugins/elementor/assets/lib/font-awesome/webfonts/fa-solid-900d41d.html]
[pubitygroup.com/wp-content/plugins/elementor/assets/lib/font-awesome/webfonts/fa-solid-901.html]
[pubitygroup.com/wp-content/plugins/elementor/assets/lib/font-awesome/webfonts/fa-solid-902.html]
[pubitygroup.com/wp-content/plugins/elementor/assets/lib/font-awesome/webfonts/fa-solid-903.html]
[pubitygroup.com/wp-content/plugins/elementor/assets/lib/font-awesome/webfonts/fa-brands-400.html]
[pubitygroup.com/wp-content/plugins/elementor/assets/lib/font-awesome/webfonts/fa-brands-400d41d.html]
[pubitygroup.com/wp-content/plugins/elementor/assets/lib/font-awesome/webfonts/fa-brands-401.html]
[pubitygroup.com/wp-content/plugins/elementor/assets/lib/font-awesome/webfonts/fa-brands-402.html]
[pubitygroup.com/wp-content/plugins/elementor/assets/lib/font-awesome/webfonts/fa-brands-403.html]
[pubitygroup-com.stackstaging.com/wp-content/uploads/2022/10/pubity-logo.html]
[pubitygroup.com/wp-content/uploads/2023/07/WEBSITE-v3-1080x1920-1.jpg]
[pubitygroup.com/wp-content/uploads/elementor/css/post-1461b02d.css]
[pubitygroup.com/wp-json/wp/v2/pages/1461.html]
[pubitygroup.com/index2bd5.html]
[pubitygroup.com/wp-json/oembed/1.0/embedf83f.html]
[pubitygroup.com/wp-json/oembed/1.0/embed47e9.html]
[pubitygroup.com/wp-content/uploads/2023/08/London-819x1024.html]
[pubitygroup.com/wp-content/uploads/elementor/css/post-24586255.html]
[pubitygroup.com/wp-json/wp/v2/pages/2458.html]
[pubitygroup.com/indexa683.html]
[pubitygroup.com/wp-json/oembed/1.0/embedd0ae.html]
[pubitygroup.com/wp-json/oembed/1.0/embed8c04.html]
[pubitygroup.com/wp-content/uploads/2022/11/dadsaysjokes_thumb_img.html]
[pubitygroup.com/wp-content/plugins/bdthemes-element-pack/assets/fonts/element-pack3765.html]
[pubitygroup.com/wp-content/plugins/bdthemes-element-pack/assets/fonts/element-pack3765-2.html]
[pubitygroup.com/wp-content/plugins/bdthemes-element-pack/assets/fonts/element-pack3765-3.html]
[pubitygroup.com/wp-content/plugins/bdthemes-element-pack/assets/fonts/element-pack3765-4.html]
[pubitygroup.com/wp-content/plugins/elementor/assets/lib/font-awesome/webfonts/fa-regular-400.html]
[pubitygroup.com/wp-content/plugins/elementor/assets/lib/font-awesome/webfonts/fa-regular-400d41d.html]
[pubitygroup.com/wp-content/plugins/elementor/assets/lib/font-awesome/webfonts/fa-regular-401.html]
[pubitygroup.com/wp-content/plugins/elementor/assets/lib/font-awesome/webfonts/fa-regular-402.html]
[pubitygroup.com/wp-content/plugins/elementor/assets/lib/font-awesome/webfonts/fa-regular-403.html]
[pubitygroup.com/wp-content/plugins/elementor/assets/lib/font-awesome/webfonts/fa-regular-404.html]
[pubitygroup.com/wp-content/uploads/2022/11/bottlejob-bg1.html]
[pubitygroup.com/wp-content/uploads/2022/11/image-1.html]
[pubitygroup.com/wp-content/uploads/2022/11/image-281.html]
[pubitygroup.com/wp-content/uploads/2022/11/thumbnail.html]
[pubitygroup.com/wp-content/uploads/2022/11/6294c84b80105a898bfc963c_ambassadors-1.html]
